[palpx.com/index1149.html]
[backblue.gif]
[fade.gif]
[index.html]
[palpx.com/sitemap.xml]
[www.google-analytics.com/analytics.js]
[palpx.com/wp-content/themes/palpx-website/lib/jquery/jquery.min.js]
[palpx.com/wp-content/themes/palpx-website/lib/bootstrap/css/bootstrap.css]
[palpx.com/wp-content/themes/palpx-website/lib/bootstrap/js/bootstrap.min.js]
[palpx.com/wp-content/themes/palpx-website/style.css]
[palpx.com/wp-includes/css/dist/block-library/stylec4ec.css]
[palpx.com/index.html]
[palpx.com/wp-content/plugins/auto-terms-of-service-and-privacy-policy/css/wpautotermsc4ec.css]
[palpx.com/wp-content/plugins/contact-form-7/includes/css/styles9dff.css]
[palpx.com/wp-content/plugins/embed-calendly-scheduling/assets/css/widgetc4ec.css]
[palpx.com/wp-content/plugins/jetpack/modules/subscriptions/subscriptions27f0.css]
[palpx.com/wp-content/plugins/wp-whatsapp-chat/assets/frontend/css/frontend287d.css]
[palpx.com/wp-content/plugins/elementor/assets/lib/eicons/css/elementor-icons87e8.css]
[palpx.com/wp-content/plugins/elementor/assets/lib/animations/animations.min7c53.css]
[palpx.com/wp-content/plugins/elementor/assets/css/frontend7c53.css]
[palpx.com/wp-content/uploads/elementor/css/global3280.css]
[palpx.com/wp-content/plugins/add-to-any/addtoany.min9be6.css]
[palpx.com/wp-content/plugins/squirrly-seo/view/assets/css/frontend.min62c8.css]
[palpx.com/wp-includes/js/jquery/jquery4a5f.js]
[palpx.com/wp-includes/js/jquery/jquery-migrate330a.js]
[palpx.com/wp-includes/js/dist/vendor/wp-polyfill89b1.js]
[palpx.com/wp-includes/js/dist/vendor/wp-polyfill-fetch6e0e.js]
[palpx.com/wp-includes/js/dist/vendor/wp-polyfill-node-contains2e00.js]
[palpx.com/wp-includes/js/dist/vendor/wp-polyfill-dom-rect2e00.js]
[palpx.com/wp-includes/js/dist/vendor/wp-polyfill-url5aed.js]
[palpx.com/wp-includes/js/dist/vendor/wp-polyfill-formdatae9bd.js]
[palpx.com/wp-includes/js/dist/vendor/wp-polyfill-element-closest4c56.js]
[palpx.com/wp-includes/js/dist/dom-readye02e.js]
[palpx.com/wp-content/plugins/auto-terms-of-service-and-privacy-policy/js/base8dff.js]
[palpx.com/wp-content/plugins/add-to-any/addtoany.min4963.js]
[palpx.com/wp-content/plugins/embed-calendly-scheduling/assets/js/widgetc4ec.js]
[palpx.com/xmlrpc0db0.php]
[palpx.com/wp-json/index.html]
[palpx.com/wp-includes/wlwmanifest.xml]
[palpx.com/wp-json/oembed/1.0/embed572d.json]
[palpx.com/wp-json/oembed/1.0/embedb8f6]
[static.addtoany.com/menu/page.js]
[palpx.com/wp-content/uploads/2020/04/palpx-fevicon.png]
[palpx.com/wp-admin/Cross.svg]
[palpx.com/wp-content/themes/palpx-website/Assets/images/logo.svg]
[palpx.com/wp-content/themes/palpx-website/Assets/images/hamburger.svg]
[palpx.com/wp-content/uploads/2020/02/header-border.png]
[palpx.com/wp-content/uploads/2020/02/gradient-craft.png]
[palpx.com/wp-content/uploads/2020/02/01_Design_v02.m4v]
[palpx.com/what-we-do/index.html]
[palpx.com/what-we-do/artificial-intelligence/index.html]
[palpx.com/wp-content/uploads/2020/02/02_Tech_v02.m4v]
[palpx.com/what-we-do/branding/index.html]
[palpx.com/what-we-do/digital-marketing/index.html]
[palpx.com/what-we-do/ui-ux-design/index.html]
[palpx.com/wp-content/uploads/2020/02/03_AI_v02.mp4]
[palpx.com/wp-content/themes/palpx-website/Assets/images/down-triangle.svg]
[palpx.com/wp-content/themes/palpx-website/Assets/images/intro-left.svg]
[palpx.com/our-work/index.html]
[palpx.com/career/index.html]
[palpx.com/who-we-are/index.html]
[palpx.com/blog/index.html]
[palpx.com/wp-content/themes/palpx-website/Assets/images/section-number-line.svg]
[palpx.com/wp-content/themes/palpx-website/Assets/images/intro-section-2.png]
[palpx.com/contact/index.html]
[palpx.com/wp-content/themes/palpx-website/Assets/images/medcure.png]
[palpx.com/wp-content/themes/palpx-website/Assets/images/craft.png]
[palpx.com/wp-content/themes/palpx-website/Assets/images/intro-section-3.png]
[palpx.com/wp-content/themes/palpx-website/Assets/images/intro-background-end.png]
[palpx.com/wp-content/uploads/2021/04/Group-292.png]
[palpx.com/wp-content/uploads/2021/04/Group-291.png]
[palpx.com/wp-content/uploads/2021/04/Group-297.png]
[palpx.com/wp-content/uploads/2021/05/India-Gov-3.png]
[palpx.com/wp-content/uploads/2021/04/Group-299.png]
[palpx.com/wp-content/uploads/2021/05/LanWan-1.png]
[palpx.com/wp-content/uploads/2021/04/Group-302.png]
[palpx.com/wp-content/plugins/logo-slider-wp/public/assets/lib/owl/assets/owl.carousel.min8a54.css]
[palpx.com/wp-content/plugins/logo-slider-wp/public/assets/lib/owl/assets/owl.theme.default.min8a54.css]
[palpx.com/wp-content/plugins/logo-slider-wp/public/assets/lib/animate/animate-logo8a5c.css]
[palpx.com/wp-content/plugins/logo-slider-wp/public/assets/css/logo-slider-wp-public-dep8a54.css]
[palpx.com/wp-content/plugins/contact-form-7/includes/js/scripts9dff.js]
[js.hs-scripts.com/20447654a466.js]
[palpx.com/wp-content/plugins/wpcf7-redirect/js/wpcf7-redirect-script.js]
[www.google.com/recaptcha/api1c71.js]
[palpx.com/wp-content/plugins/contact-form-7/modules/recaptcha/script9dff.js]
[palpx.com/wp-content/plugins/wp-whatsapp-chat/assets/frontend/js/frontended41.js]
[palpx.com/wp-includes/js/wp-embedc4ec.js]
[palpx.com/wp-content/plugins/logo-slider-wp/public/assets/lib/owl/owl.carousel8a54.js]
[palpx.com/wp-content/plugins/logo-slider-wp/public/assets/js/logo-slider-wp-public-dep8a54.js]
[stats.wp.com/e-202242.js]
[palpx.com/wp-content/themes/palpx-website/Assets/images/footer-logo.svg]
[palpx.com/free-consultation/index.html]
[palpx.com/index1149.html]
[palpx.com/wp-content/themes/palpx-website/script.js]
[palpx.com/thank-you/index.html]
[palpx.com/index.html]
[palpx.com/wp-content/themes/palpx-website/lib/bootstrap/css/bootstrap.css]
[palpx.com/wp-content/themes/palpx-website/fonts/Gotham-Font/Gotham-Black.otf]
[palpx.com/wp-content/themes/palpx-website/fonts/Gotham-Font/Gotham-Bold.otf]
[palpx.com/wp-content/themes/palpx-website/fonts/Gotham-Font/GothamBook.ttf]
[palpx.com/wp-content/themes/palpx-website/fonts/Gotham-Font/Gotham-Light.otf]
[palpx.com/wp-content/themes/palpx-website/fonts/Gotham-Font/GothamMedium.ttf]
[palpx.com/wp-content/themes/palpx-website/fonts/Gotham-Font/GothamMediumItalic.ttf]
[palpx.com/wp-content/themes/palpx-website/fonts/playfair-display/PlayfairDisplay-BoldItalic.otf]
[palpx.com/wp-content/themes/palpx-website/style.css]
[palpx.com/wp-includes/css/dist/block-library/stylec4ec.css]
[palpx.com/wp-content/plugins/auto-terms-of-service-and-privacy-policy/css/wpautotermsc4ec.css]
[palpx.com/wp-content/themes/palpx-website/Assets/images/h2-gradiant.svg]
[palpx.com/wp-content/themes/palpx-website/fonts/playfair-display/PlayfairDisplay-Regular.otf]
[palpx.com/wp-content/plugins/contact-form-7/includes/css/styles9dff.css]
[palpx.com/wp-content/plugins/contact-form-7/assets/ajax-loader.gif]
[palpx.com/assets/external/close-icon.svg]
[palpx.com/wp-content/plugins/embed-calendly-scheduling/assets/css/widgetc4ec.css]
[palpx.com/wp-content/plugins/jetpack/modules/subscriptions/subscriptions27f0.css]
[palpx.com/wp-content/plugins/wp-whatsapp-chat/assets/frontend/css/frontend287d.css]
[palpx.com/wp-content/plugins/elementor/assets/lib/eicons/fonts/eiconsf884.eot]
[palpx.com/wp-content/plugins/elementor/assets/lib/eicons/fonts/eiconsf884.woff2]
[palpx.com/wp-content/plugins/elementor/assets/lib/eicons/fonts/eiconsf884.woff]
[palpx.com/wp-content/plugins/elementor/assets/lib/eicons/fonts/eiconsf884.ttf]
[palpx.com/wp-content/plugins/elementor/assets/lib/eicons/css/elementor-icons87e8.css]
[palpx.com/wp-content/plugins/elementor/assets/lib/animations/animations.min7c53.css]
[palpx.com/wp-content/plugins/elementor/assets/css/frontend7c53.css]
[palpx.com/wp-content/uploads/elementor/css/global3280.css]
[palpx.com/wp-content/plugins/add-to-any/addtoany.min9be6.css]
[palpx.com/wp-content/plugins/elementor/assets/lib/eicons/fonts/eiconsf884.svg]
[palpx.com/wp-content/plugins/squirrly-seo/view/assets/img/front/avatar-margin.png]
[palpx.com/wp-content/plugins/squirrly-seo/view/assets/css/frontend.min62c8.css]
[palpx.com/wp-admin/Cross.svg]
[palpx.com/wp-json/oembed/1.0/embed9f80.json]
[palpx.com/wp-json/oembed/1.0/embedbd2c]
[palpx.com/wp-content/themes/palpx-website/Assets/images/our-expertise.png]
[palpx.com/wp-content/themes/palpx-website/Assets/images/what-we-do.png]
[palpx.com/wp-content/themes/palpx-website/Assets/images/ui-ux.png]
[palpx.com/wp-content/themes/palpx-website/Assets/images/digi-mark.png]
[palpx.com/wp-content/themes/palpx-website/Assets/images/our-work-link.svg]
[palpx.com/what-we-do/index.html]
[palpx.com/wp-json/oembed/1.0/embed31c5.json]
[palpx.com/wp-json/oembed/1.0/embed4427]
[maxcdn.bootstrapcdn.com/bootstrap/3.4.1/css/bootstrap.min.css]
[ajax.googleapis.com/ajax/libs/jquery/3.5.1/jquery.min.js]
[maxcdn.bootstrapcdn.com/bootstrap/3.4.1/js/bootstrap.min.js]
[palpx.com/wp-content/uploads/2020/07/readytostart.png]
[palpx.com/wp-content/uploads/2020/11/branding-services-image.png]
[palpx.com/wp-content/uploads/2020/07/neonbrand-zFSo6bnZJTw-unsplash-1.png]
[palpx.com/wp-content/uploads/2020/07/startmobilebranding.png]
[palpx.com/wp-content/uploads/2020/07/Group-146.png]
[palpx.com/wp-content/uploads/2020/07/Rectangle.png]
[palpx.com/wp-content/uploads/2020/07/Group-150.png]
[palpx.com/wp-content/uploads/2020/07/Group-2.png]
[palpx.com/wp-content/uploads/2020/07/Vector-2.png]
[palpx.com/wp-content/uploads/2020/07/Group-151.png]
[palpx.com/wp-content/uploads/2020/07/icon-desktop.png]
[palpx.com/wp-content/uploads/2020/07/Group-39.png]
[palpx.com/wp-content/uploads/2020/07/Group-152.png]
[palpx.com/wp-content/uploads/2020/07/ML.png]
[palpx.com/wp-content/uploads/2020/07/kafka-1.png]
[palpx.com/wp-content/uploads/2020/07/Group-156.png]
[palpx.com/wp-content/uploads/2020/07/Group-154.png]
[palpx.com/wp-content/uploads/2020/07/Group-155.png]
[palpx.com/wp-content/uploads/2020/07/Group-157.png]
[palpx.com/wp-content/uploads/2020/07/prevbtn.png]
[palpx.com/wp-content/uploads/2020/07/nextbtn.png]
[palpx.com/wp-content/uploads/2020/07/Group-147.svg]
[palpx.com/wp-content/uploads/2020/07/Group-148.svg]
[palpx.com/wp-content/uploads/2020/07/Group-2.svg]
[palpx.com/wp-content/uploads/2020/08/Tech-used-min.jpg]
[palpx.com/what-we-do/artificial-intelligence/index.html]
[palpx.com/wp-json/oembed/1.0/embede22f.json]
[palpx.com/wp-json/oembed/1.0/embed9c7e]
[palpx.com/wp-content/uploads/2020/07/SD-Illustration.svg]
[palpx.com/wp-content/uploads/2020/07/Rushnfresh-3.png]
[palpx.com/wp-content/uploads/2020/07/rails-logo-1.png]
[palpx.com/wp-content/uploads/2020/07/Samsara-1.png]
[palpx.com/wp-content/uploads/2020/07/Group-6.png]
[palpx.com/wp-content/uploads/2020/07/Vector-4.png]
[palpx.com/wp-content/uploads/2020/07/Group-7.png]
[palpx.com/wp-content/uploads/2020/07/Group-34.png]
[palpx.com/wp-content/uploads/2020/07/Vector-5.png]
[palpx.com/wp-content/uploads/2020/07/Group-8.png]
[palpx.com/wp-content/uploads/2020/07/Group-9.png]
[palpx.com/wp-content/uploads/2020/07/Group-33.png]
[palpx.com/wp-content/uploads/2020/07/Group-10.png]
[palpx.com/wp-content/uploads/2020/07/Group-170.png]
[palpx.com/wp-content/uploads/2020/07/Group-35.png]
[palpx.com/wp-content/uploads/2020/07/Group-168.png]
[palpx.com/wp-content/uploads/2020/07/Group-147-1.png]
[palpx.com/wp-content/uploads/2020/07/Group-146-1.png]
[palpx.com/wp-content/uploads/2020/07/Group-145.png]
[palpx.com/wp-content/uploads/2020/07/Group-148-1.png]
[palpx.com/wp-content/uploads/2020/07/Group-11.png]
[palpx.com/wp-content/uploads/2020/07/Mask-Group.png]
[palpx.com/wp-content/uploads/2020/07/Group-38.png]
[palpx.com/wp-content/uploads/2020/07/Group-32.png]
[palpx.com/wp-content/uploads/2020/07/Group-37.png]
[palpx.com/wp-content/uploads/2020/07/Group-12.png]
[palpx.com/wp-content/uploads/2020/07/Group-31.png]
[palpx.com/wp-content/uploads/2020/07/dja-copy-1.png]
[palpx.com/wp-content/uploads/2020/07/Group-36.png]
[palpx.com/wp-content/uploads/2020/07/Group-1.svg]
[palpx.com/wp-content/uploads/2020/07/Vector.svg]
[palpx.com/wp-content/uploads/2020/07/Group-167.svg]
[palpx.com/what-we-do/ui-ux-design/index.html]
[palpx.com/wp-json/oembed/1.0/embed03ce.json]
[palpx.com/wp-json/oembed/1.0/embed6e62]
[palpx.com/wp-content/uploads/2020/08/4.svg]
[palpx.com/wp-content/uploads/2020/08/Group-8.svg]
[palpx.com/wp-content/uploads/2020/08/2.svg]
[palpx.com/wp-content/uploads/2020/07/medcure.png]
[palpx.com/wp-content/uploads/2020/07/Group-5.svg]
[palpx.com/wp-content/uploads/2020/07/craft4x1.png]
[palpx.com/wp-content/uploads/2020/07/Group-6.svg]
[palpx.com/wp-content/uploads/2020/07/Group-136.svg]
[palpx.com/what-we-do/branding/index.html]
[palpx.com/wp-json/oembed/1.0/embed291d.json]
[palpx.com/wp-json/oembed/1.0/embed3ea7]
[palpx.com/wp-content/uploads/2020/08/Illustration-1.svg]
[palpx.com/wp-content/uploads/2020/07/Group-3.svg]
[palpx.com/wp-content/uploads/2020/07/Group-4.svg]
[palpx.com/wp-content/uploads/2020/07/Group-134.svg]
[palpx.com/what-we-do/digital-marketing/index.html]
[palpx.com/wp-json/oembed/1.0/embed91d0.json]
[palpx.com/wp-json/oembed/1.0/embed18b2]
[palpx.com/wp-content/themes/palpx-website/Assets/images/intro-sideImage.png]
[palpx.com/wp-content/uploads/2020/02/intro-sideImage2.png]
[palpx.com/our-work/indexfa6b.html]
[palpx.com/our-work/indexf5bf.html]
[palpx.com/wp-content/uploads/2020/02/Rectangle12.png]
[palpx.com/our-work/index6298.html]
[palpx.com/our-work/indexccc0.html]
[palpx.com/wp-content/uploads/2020/02/Rectangle2.png]
[palpx.com/wp-content/uploads/2022/02/ENVEU.png]
[palpx.com/wp-content/uploads/2022/02/inzpera.png]
[palpx.com/wp-content/uploads/2022/02/TVAM.png]
[palpx.com/wp-content/uploads/2022/02/bhoomi.png]
[palpx.com/wp-content/uploads/2022/02/saama.png]
[palpx.com/wp-content/uploads/2022/02/Hnak.png]
[palpx.com/wp-content/uploads/2022/02/VCAREPLUS.png]
[palpx.com/wp-content/uploads/2022/02/Trejhara.png]
[palpx.com/wp-content/uploads/2022/02/EDVEST.png]
[palpx.com/wp-content/uploads/2022/02/IITB.png]
[palpx.com/wp-content/uploads/2022/02/HIPPO.png]
[palpx.com/wp-content/uploads/2022/02/SWASTHA-SHASTHRA.png]
[palpx.com/wp-content/themes/palpx-website/Assets/images/our-clients/craft-by-merlin.png]
[palpx.com/wp-content/uploads/2022/02/CALIBER.png]
[palpx.com/wp-content/themes/palpx-website/Assets/images/our-clients/sweets-of-oman.png]
[palpx.com/wp-content/themes/palpx-website/Assets/images/our-clients/merlin-digital.png]
[palpx.com/wp-content/themes/palpx-website/Assets/images/our-clients/medcure.png]
[palpx.com/wp-content/themes/palpx-website/Assets/images/our-clients/bio-farmers.png]
[palpx.com/wp-content/themes/palpx-website/Assets/images/our-clients/kreol.png]
[palpx.com/our-work/index.html]
[palpx.com/who-we-are/index.html]
[palpx.com/career/index.html]
[palpx.com/blog/index.html]
[palpx.com/contact/index.html]
[palpx.com/wp-content/themes/palpx-website/Assets/images/logo.svg]
[palpx.com/wp-content/themes/palpx-website/Assets/images/hamburger.svg]
[palpx.com/wp-content/themes/palpx-website/Assets/images/down-triangle.svg]
[palpx.com/wp-content/themes/palpx-website/Assets/images/intro-left.svg]
[palpx.com/wp-content/themes/palpx-website/Assets/images/section-number-line.svg]
[palpx.com/wp-content/plugins/logo-slider-wp/public/assets/lib/owl/assets/owl.carousel.min8a54.css]
[palpx.com/wp-content/plugins/logo-slider-wp/public/assets/lib/owl/assets/owl.theme.default.min8a54.css]
[palpx.com/wp-content/plugins/logo-slider-wp/public/assets/lib/animate/animate-logo8a5c.css]
[palpx.com/wp-content/plugins/logo-slider-wp/public/assets/css/logo-slider-wp-public-dep8a54.css]
[palpx.com/wp-content/themes/palpx-website/Assets/images/footer-logo.svg]
[palpx.com/free-consultation/index.html]
[palpx.com/thank-you/index.html]
[palpx.com/wp-content/themes/palpx-website/Assets/images/h2-gradiant.svg]
[palpx.com/assets/external/close-icon.html]
[palpx.com/wp-content/plugins/elementor/assets/lib/eicons/fonts/eiconsf884.svg]
[palpx.com/indexb5fb.html]
[palpx.com/wp-content/themes/palpx-website/Assets/images/our-work-link.svg]
[palpx.com/index9076.html]
[maxcdn.bootstrapcdn.com/bootstrap/3.4.1/css/bootstrap.min.css]
[palpx.com/wp-content/uploads/2020/07/Group-147.svg]
[palpx.com/wp-content/uploads/2020/07/Group-148.svg]
[palpx.com/wp-content/uploads/2020/07/Group-2.svg]
[palpx.com/indexc63a.html]
[palpx.com/wp-content/uploads/2020/07/SD-Illustration.svg]
[palpx.com/wp-content/uploads/2020/07/Group-1.svg]
[palpx.com/wp-content/uploads/2020/07/Vector.svg]
[palpx.com/wp-content/uploads/2020/07/Group-167.svg]
[palpx.com/index91bb.html]
[palpx.com/wp-content/uploads/2020/08/4.svg]
[palpx.com/wp-content/uploads/2020/08/Group-8.svg]
[palpx.com/wp-content/uploads/2020/08/2.svg]
[palpx.com/wp-content/uploads/2020/07/Group-5.svg]
[palpx.com/wp-content/uploads/2020/07/Group-6.svg]
[palpx.com/wp-content/uploads/2020/07/Group-136.svg]
[palpx.com/index1c54.html]
[palpx.com/wp-content/uploads/2020/08/Illustration-1.svg]
[palpx.com/wp-content/uploads/2020/07/Group-3.svg]
[palpx.com/wp-content/uploads/2020/07/Group-4.svg]
[palpx.com/wp-content/uploads/2020/07/Group-134.svg]
[palpx.com/indexc4f7.html]
[palpx.com/our-work/indexfa6b.html]
[palpx.com/our-work/index6298.html]
[palpx.com/our-work/indexf5bf.html]
