[backblue.gif]
[fade.gif]
[index.html]
[www.pixbrand.org/wp-includes/js/jquery/jquery.minaf6c.js]
[www.pixbrand.org/wp-includes/js/jquery/jquery-migrate.mind617.js]
[www.pixbrand.org/wp-content/themes/twentytwenty/assets/js/index4963.js]
[www.pixbrand.org/wp-content/uploads/2020/03/Chemical-Industry.jpg]
[maxcdn.bootstrapcdn.com/bootstrap/4.4.1/css/bootstrap.min.css]
[cdnjs.cloudflare.com/ajax/libs/font-awesome/4.7.0/css/font-awesome.min.css]
[www.pixbrand.org/wp-content/uploads/2020/01/main_logo.png]
[www.pixbrand.org/wp-content/uploads/2020/04/logo_red.png]
[www.pixbrand.org/wp-content/uploads/2020/06/chemical1.jpg]
[www.pixbrand.org/wp-content/uploads/2020/02/red_down_arrow.png]
[www.pixbrand.org/wp-content/uploads/2020/06/chemical2.jpg]
[www.pixbrand.org/wp-content/uploads/2020/01/our-process.png]
[www.pixbrand.org/wp-content/uploads/2020/01/comp_logo_st.png]
[www.pixbrand.org/wp-content/uploads/2020/02/india_comp.png]
[www.pixbrand.org/wp-content/uploads/2020/01/austia_comp.png]
[www.pixbrand.org/wp-content/uploads/2020/01/abudhabi_comp.png]
[www.pixbrand.org/wp-content/uploads/2020/02/boston_comp.png]
[www.pixbrand.org/wp-content/uploads/2020/04/black_arrow_top.png]
[www.pixbrand.org/wp-includes/js/dist/vendor/regenerator-runtime.min3937.js]
[www.pixbrand.org/wp-includes/js/dist/vendor/wp-polyfill.min2c7c.js]
[www.pixbrand.org/wp-content/plugins/contact-form-7/includes/js/index7661.js]
[www.pixbrand.org/wp-content/plugins/livemesh-siteorigin-widgets/assets/js/lsow-frontend.min5e0b.js]
[www.pixbrand.org/wp-content/uploads/wpmss/wpmssab.min20b6.js]
[www.pixbrand.org/wp-content/plugins/mousewheel-smooth-scroll/js/SmoothScroll.min5b3c.js]
[www.pixbrand.org/wp-content/uploads/wpmss/wpmss.min20b6.js]
[www.pixbrand.org/wp-content/plugins/siteorigin-panels/js/styling.minf7da.js]
[www.pixbrand.org/wp-content/plugins/siteorigin-panels/js/lib/simpleparallax.mind03b.js]
[ajax.googleapis.com/ajax/libs/jquery/3.4.1/jquery.min.js]
[cdnjs.cloudflare.com/ajax/libs/popper.js/1.16.0/umd/popper.min.js]
[maxcdn.bootstrapcdn.com/bootstrap/4.4.1/js/bootstrap.min.js]
[www.pixbrand.org/chemical-industry-web-design/index.html]
[www.pixbrand.org/wp-includes/css/dist/block-library/style.min1eb7.css]
[www.pixbrand.org/wp-content/plugins/contact-form-7/includes/css/styles7661.css]
[www.pixbrand.org/wp-content/plugins/siteorigin-panels/css/front-flex.minf7da.css]
[www.pixbrand.org/wp-content/uploads/siteorigin-widgets/sow-headline-default-ae45b21459b1-19571eb7.css]
[www.pixbrand.org/wp-content/uploads/siteorigin-widgets/sow-image-default-d6014b76747a-19571eb7.css]
[www.pixbrand.org/wp-content/uploads/siteorigin-widgets/sow-image-default-6b88c04c1f9b-19571eb7.css]
[www.pixbrand.org/wp-content/uploads/siteorigin-widgets/sow-image-default-17bc2272b535-19571eb7.css]
[www.pixbrand.org/wp-content/plugins/so-widgets-bundle/widgets/button/css/stylecd3d.css]
[www.pixbrand.org/wp-content/uploads/siteorigin-widgets/sow-button-atom-019ed5fdc371-19571eb7.css]
[www.pixbrand.org/wp-content/uploads/siteorigin-widgets/sow-headline-default-002eb216709e-19571eb7.css]
[www.pixbrand.org/wp-content/uploads/siteorigin-widgets/sow-headline-default-655ffcdb1ea5-19571eb7.css]
[www.pixbrand.org/wp-content/uploads/siteorigin-widgets/sow-button-atom-04e0c5c9360e-19571eb7.css]
[connect.facebook.net/en_US/sdk/xfbml.customerchat.js]
[www.pixbrand.org/wp-content/themes/twentytwenty/assets/fonts/inter/Inter-upright-var.woff2]
[www.pixbrand.org/wp-content/themes/twentytwenty/assets/fonts/inter/Inter-italic-var.woff2]
[www.pixbrand.org/wp-content/themes/twentytwenty/assets/fonts/TTCommons-Black.ttf]
[www.pixbrand.org/wp-content/themes/twentytwenty/assets/fonts/TTCommons-Bold.ttf]
[www.pixbrand.org/wp-content/themes/twentytwenty/assets/fonts/TTCommons-BlackItalic.ttf]
[www.pixbrand.org/wp-content/themes/twentytwenty/assets/fonts/TTCommons-Regular.ttf]
[www.pixbrand.org/wp-content/themes/twentytwenty/assets/fonts/TTCommons-DemiBold.ttf]
[www.pixbrand.org/wp-content/themes/twentytwenty/assets/fonts/TTCommons-ExtraBold.ttf]
[www.pixbrand.org/wp-content/themes/twentytwenty/assets/fonts/TTCommons-Light.ttf]
[www.pixbrand.org/wp-content/themes/twentytwenty/assets/images/wall.jpg]
[www.pixbrand.org/wp-content/themes/twentytwenty/assets/images/Disk-1s-200px.gif]
[www.pixbrand.org/wp-content/themes/twentytwenty/assets/fonts/larsseit/Larsseit-ExtraBold.woff2]
[www.pixbrand.org/wp-content/themes/twentytwenty/assets/fonts/larsseit/Larsseit-ExtraBold.woff]
[www.pixbrand.org/wp-content/themes/twentytwenty/assets/fonts/larsseit/Larsseit-Bold.woff2]
[www.pixbrand.org/wp-content/themes/twentytwenty/assets/fonts/larsseit/Larsseit-Bold.woff]
[www.pixbrand.org/wp-content/themes/twentytwenty/assets/fonts/larsseit/Larsseit.woff2]
[www.pixbrand.org/wp-content/themes/twentytwenty/assets/fonts/larsseit/Larsseit.woff]
[www.pixbrand.org/wp-content/themes/twentytwenty/assets/fonts/larsseit/Larsseit-Light.woff2]
[www.pixbrand.org/wp-content/themes/twentytwenty/assets/fonts/larsseit/Larsseit-Light.woff]
[www.pixbrand.org/wp-content/themes/twentytwenty/assets/fonts/larsseit/Larsseit-Thin.woff2]
[www.pixbrand.org/wp-content/themes/twentytwenty/assets/fonts/larsseit/Larsseit-Thin.woff]
[www.pixbrand.org/wp-content/themes/twentytwenty/assets/fonts/larsseit/Larsseit-Medium.woff2]
[www.pixbrand.org/wp-content/themes/twentytwenty/assets/fonts/larsseit/Larsseit-Medium.woff]
[www.pixbrand.org/wp-content/uploads/2022/04/mail-box.png]
[www.pixbrand.org/wp-content/uploads/2022/04/Icon-feather-user.png]
[www.pixbrand.org/wp-content/uploads/2022/04/Icon-feather-mail.png]
[www.pixbrand.org/wp-content/uploads/2022/04/Icon-feather-phone-call.png]
[www.pixbrand.org/wp-content/uploads/2022/04/Group-60049.png]
[www.pixbrand.org/wp-content/uploads/2022/04/Group-60051.png]
[www.pixbrand.org/wp-content/uploads/2022/04/Group-60055.png]
[www.pixbrand.org/wp-content/uploads/2022/04/Group-60050.png]
[www.pixbrand.org/wp-content/uploads/2022/04/Group-60052.png]
[www.pixbrand.org/wp-content/uploads/2022/04/Group-60056.png]
[www.pixbrand.org/wp-content/uploads/2022/04/Icon-feather-arrow-right.png]
[www.pixbrand.org/wp-content/uploads/2022/04/right-tick.png]
[www.pixbrand.org/wp-content/themes/twentytwenty/style4963.css]
[www.pixbrand.org/wp-content/themes/twentytwenty/print4963.css]
[maxcdn.bootstrapcdn.com/bootstrap/4.4.1/css/bootstrap.min.css]
[cdnjs.cloudflare.com/ajax/libs/font-awesome/4.7.0/css/font-awesome.min.css]
[www.pixbrand.org/wp-content/uploads/siteorigin-widgets/sow-headline-default-9eece15f5b56-19571eb7.css]
[www.pixbrand.org/wp-content/uploads/siteorigin-widgets/sow-headline-default-8bfc87bf31d4-19571eb7.css]
[www.pixbrand.org/wp-content/uploads/siteorigin-widgets/sow-headline-default-8bf92310c2ae-19571eb7.css]
[www.pixbrand.org/wp-content/uploads/siteorigin-widgets/sow-button-atom-1dea6624c517-19571eb7.css]
[www.pixbrand.org/wp-content/uploads/siteorigin-widgets/sow-image-default-a5258576d5881eb7.css]
[www.pixbrand.org/wp-content/uploads/siteorigin-widgets/sow-image-default-05c5e75a816f1eb7.css]
[connect.facebook.net/en_US/sdk/xfbml.customerchat.js]
[www.pixbrand.org/chemical-industry-web-design/chrome-extension_/index.html]
[www.pixbrand.org/chemical-industry-web-design/^([^_/indexd41d.html]
[www.pixbrand.org/chemical-industry-web-design/ABCDEFGHIJKLMNOPQRSTUVWXYZabcdefghijklmnopqrstuvwxyz0123456789+/index.html]
[www.pixbrand.org/chemical-industry-web-design/GET.html]
[www.pixbrand.org/chemical-industry-web-design/dialog/index.html]
[www.pixbrand.org/chemical-industry-web-design/LiveChatEvent/index.html]
